// Jest Snapshot v1, https://goo.gl/fbAQLP

exports[`Modal Module 모달 열기 1`] = `
<div>
  <div>
    ModalBase Mock
  </div>
</div>
`;
